 
****************************************
check_design summary:
Version:     K-2015.06
Date:        Wed Oct  2 07:04:11 2024
****************************************

                   Name                                            Total
--------------------------------------------------------------------------------
Inputs/Outputs                                                    105
    Unconnected ports (LINT-28)                                    32
    Shorted outputs (LINT-31)                                      36
    Constant outputs (LINT-52)                                     37

Cells                                                               7
    Cells do not drive (LINT-1)                                     7
--------------------------------------------------------------------------------

Warning: In design 'CLC_R1', cell 'C216' does not drive any nets. (LINT-1)
Warning: In design 'ENCRYPTION_R2', cell 'C473' does not drive any nets. (LINT-1)
Warning: In design 'CLC_R2', cell 'C216' does not drive any nets. (LINT-1)
Warning: In design 'ENCRYPTION_R1', cell 'C481' does not drive any nets. (LINT-1)
Warning: In design 'CHECK_2', cell 'C159' does not drive any nets. (LINT-1)
Warning: In design 'exponentiation', cell 'C809' does not drive any nets. (LINT-1)
Warning: In design 'exponentiation_R', cell 'C809' does not drive any nets. (LINT-1)
Warning: In design 'exponentiation_R', port 'base[63]' is not connected to any nets. (LINT-28)
Warning: In design 'exponentiation_R', port 'base[62]' is not connected to any nets. (LINT-28)
Warning: In design 'exponentiation_R', port 'base[61]' is not connected to any nets. (LINT-28)
Warning: In design 'exponentiation_R', port 'base[60]' is not connected to any nets. (LINT-28)
Warning: In design 'exponentiation_R', port 'base[59]' is not connected to any nets. (LINT-28)
Warning: In design 'exponentiation_R', port 'base[58]' is not connected to any nets. (LINT-28)
Warning: In design 'exponentiation_R', port 'base[57]' is not connected to any nets. (LINT-28)
Warning: In design 'exponentiation_R', port 'base[56]' is not connected to any nets. (LINT-28)
Warning: In design 'exponentiation_R', port 'base[55]' is not connected to any nets. (LINT-28)
Warning: In design 'exponentiation_R', port 'base[54]' is not connected to any nets. (LINT-28)
Warning: In design 'exponentiation_R', port 'base[53]' is not connected to any nets. (LINT-28)
Warning: In design 'exponentiation_R', port 'base[52]' is not connected to any nets. (LINT-28)
Warning: In design 'exponentiation_R', port 'base[51]' is not connected to any nets. (LINT-28)
Warning: In design 'exponentiation_R', port 'base[50]' is not connected to any nets. (LINT-28)
Warning: In design 'exponentiation_R', port 'base[49]' is not connected to any nets. (LINT-28)
Warning: In design 'exponentiation_R', port 'base[48]' is not connected to any nets. (LINT-28)
Warning: In design 'exponentiation_R', port 'base[47]' is not connected to any nets. (LINT-28)
Warning: In design 'exponentiation_R', port 'base[46]' is not connected to any nets. (LINT-28)
Warning: In design 'exponentiation_R', port 'base[45]' is not connected to any nets. (LINT-28)
Warning: In design 'exponentiation_R', port 'base[44]' is not connected to any nets. (LINT-28)
Warning: In design 'exponentiation_R', port 'base[43]' is not connected to any nets. (LINT-28)
Warning: In design 'exponentiation_R', port 'base[42]' is not connected to any nets. (LINT-28)
Warning: In design 'exponentiation_R', port 'base[41]' is not connected to any nets. (LINT-28)
Warning: In design 'exponentiation_R', port 'base[40]' is not connected to any nets. (LINT-28)
Warning: In design 'exponentiation_R', port 'base[39]' is not connected to any nets. (LINT-28)
Warning: In design 'exponentiation_R', port 'base[38]' is not connected to any nets. (LINT-28)
Warning: In design 'exponentiation_R', port 'base[37]' is not connected to any nets. (LINT-28)
Warning: In design 'exponentiation_R', port 'base[36]' is not connected to any nets. (LINT-28)
Warning: In design 'exponentiation_R', port 'base[35]' is not connected to any nets. (LINT-28)
Warning: In design 'exponentiation_R', port 'base[34]' is not connected to any nets. (LINT-28)
Warning: In design 'exponentiation_R', port 'base[33]' is not connected to any nets. (LINT-28)
Warning: In design 'exponentiation_R', port 'base[32]' is not connected to any nets. (LINT-28)
Warning: In design 'CONTROLKER', output port 'out[47]' is connected directly to output port 'out[0]'. (LINT-31)
Warning: In design 'CONTROLKER', output port 'out[47]' is connected directly to output port 'out[1]'. (LINT-31)
Warning: In design 'CONTROLKER', output port 'out[47]' is connected directly to output port 'out[3]'. (LINT-31)
Warning: In design 'CONTROLKER', output port 'out[47]' is connected directly to output port 'out[5]'. (LINT-31)
Warning: In design 'CONTROLKER', output port 'out[47]' is connected directly to output port 'out[7]'. (LINT-31)
Warning: In design 'CONTROLKER', output port 'out[47]' is connected directly to output port 'out[8]'. (LINT-31)
Warning: In design 'CONTROLKER', output port 'out[47]' is connected directly to output port 'out[9]'. (LINT-31)
Warning: In design 'CONTROLKER', output port 'out[47]' is connected directly to output port 'out[10]'. (LINT-31)
Warning: In design 'CONTROLKER', output port 'out[47]' is connected directly to output port 'out[11]'. (LINT-31)
Warning: In design 'CONTROLKER', output port 'out[47]' is connected directly to output port 'out[13]'. (LINT-31)
Warning: In design 'CONTROLKER', output port 'out[47]' is connected directly to output port 'out[15]'. (LINT-31)
Warning: In design 'CONTROLKER', output port 'out[47]' is connected directly to output port 'out[17]'. (LINT-31)
Warning: In design 'CONTROLKER', output port 'out[47]' is connected directly to output port 'out[19]'. (LINT-31)
Warning: In design 'CONTROLKER', output port 'out[47]' is connected directly to output port 'out[20]'. (LINT-31)
Warning: In design 'CONTROLKER', output port 'out[47]' is connected directly to output port 'out[21]'. (LINT-31)
Warning: In design 'CONTROLKER', output port 'out[47]' is connected directly to output port 'out[23]'. (LINT-31)
Warning: In design 'CONTROLKER', output port 'out[47]' is connected directly to output port 'out[26]'. (LINT-31)
Warning: In design 'CONTROLKER', output port 'out[47]' is connected directly to output port 'out[27]'. (LINT-31)
Warning: In design 'CONTROLKER', output port 'out[47]' is connected directly to output port 'out[28]'. (LINT-31)
Warning: In design 'CONTROLKER', output port 'out[47]' is connected directly to output port 'out[29]'. (LINT-31)
Warning: In design 'CONTROLKER', output port 'out[47]' is connected directly to output port 'out[31]'. (LINT-31)
Warning: In design 'CONTROLKER', output port 'out[47]' is connected directly to output port 'out[32]'. (LINT-31)
Warning: In design 'CONTROLKER', output port 'out[47]' is connected directly to output port 'out[33]'. (LINT-31)
Warning: In design 'CONTROLKER', output port 'out[47]' is connected directly to output port 'out[34]'. (LINT-31)
Warning: In design 'CONTROLKER', output port 'out[47]' is connected directly to output port 'out[35]'. (LINT-31)
Warning: In design 'CONTROLKER', output port 'out[47]' is connected directly to output port 'out[36]'. (LINT-31)
Warning: In design 'CONTROLKER', output port 'out[47]' is connected directly to output port 'out[37]'. (LINT-31)
Warning: In design 'CONTROLKER', output port 'out[47]' is connected directly to output port 'out[38]'. (LINT-31)
Warning: In design 'CONTROLKER', output port 'out[47]' is connected directly to output port 'out[39]'. (LINT-31)
Warning: In design 'CONTROLKER', output port 'out[47]' is connected directly to output port 'out[40]'. (LINT-31)
Warning: In design 'CONTROLKER', output port 'out[47]' is connected directly to output port 'out[41]'. (LINT-31)
Warning: In design 'CONTROLKER', output port 'out[47]' is connected directly to output port 'out[42]'. (LINT-31)
Warning: In design 'CONTROLKER', output port 'out[47]' is connected directly to output port 'out[43]'. (LINT-31)
Warning: In design 'CONTROLKER', output port 'out[47]' is connected directly to output port 'out[44]'. (LINT-31)
Warning: In design 'CONTROLKER', output port 'out[47]' is connected directly to output port 'out[45]'. (LINT-31)
Warning: In design 'CONTROLKER', output port 'out[47]' is connected directly to output port 'out[46]'. (LINT-31)
Warning: In design 'CONTROLKER', output port 'out[47]' is connected directly to 'logic 0'. (LINT-52)
Warning: In design 'CONTROLKER', output port 'out[46]' is connected directly to 'logic 0'. (LINT-52)
Warning: In design 'CONTROLKER', output port 'out[45]' is connected directly to 'logic 0'. (LINT-52)
Warning: In design 'CONTROLKER', output port 'out[44]' is connected directly to 'logic 0'. (LINT-52)
Warning: In design 'CONTROLKER', output port 'out[43]' is connected directly to 'logic 0'. (LINT-52)
Warning: In design 'CONTROLKER', output port 'out[42]' is connected directly to 'logic 0'. (LINT-52)
Warning: In design 'CONTROLKER', output port 'out[41]' is connected directly to 'logic 0'. (LINT-52)
Warning: In design 'CONTROLKER', output port 'out[40]' is connected directly to 'logic 0'. (LINT-52)
Warning: In design 'CONTROLKER', output port 'out[39]' is connected directly to 'logic 0'. (LINT-52)
Warning: In design 'CONTROLKER', output port 'out[38]' is connected directly to 'logic 0'. (LINT-52)
Warning: In design 'CONTROLKER', output port 'out[37]' is connected directly to 'logic 0'. (LINT-52)
Warning: In design 'CONTROLKER', output port 'out[36]' is connected directly to 'logic 0'. (LINT-52)
Warning: In design 'CONTROLKER', output port 'out[35]' is connected directly to 'logic 0'. (LINT-52)
Warning: In design 'CONTROLKER', output port 'out[34]' is connected directly to 'logic 0'. (LINT-52)
Warning: In design 'CONTROLKER', output port 'out[33]' is connected directly to 'logic 0'. (LINT-52)
Warning: In design 'CONTROLKER', output port 'out[32]' is connected directly to 'logic 0'. (LINT-52)
Warning: In design 'CONTROLKER', output port 'out[31]' is connected directly to 'logic 0'. (LINT-52)
Warning: In design 'CONTROLKER', output port 'out[29]' is connected directly to 'logic 0'. (LINT-52)
Warning: In design 'CONTROLKER', output port 'out[28]' is connected directly to 'logic 0'. (LINT-52)
Warning: In design 'CONTROLKER', output port 'out[27]' is connected directly to 'logic 0'. (LINT-52)
Warning: In design 'CONTROLKER', output port 'out[26]' is connected directly to 'logic 0'. (LINT-52)
Warning: In design 'CONTROLKER', output port 'out[23]' is connected directly to 'logic 0'. (LINT-52)
Warning: In design 'CONTROLKER', output port 'out[21]' is connected directly to 'logic 0'. (LINT-52)
Warning: In design 'CONTROLKER', output port 'out[20]' is connected directly to 'logic 0'. (LINT-52)
Warning: In design 'CONTROLKER', output port 'out[19]' is connected directly to 'logic 0'. (LINT-52)
Warning: In design 'CONTROLKER', output port 'out[17]' is connected directly to 'logic 0'. (LINT-52)
Warning: In design 'CONTROLKER', output port 'out[15]' is connected directly to 'logic 0'. (LINT-52)
Warning: In design 'CONTROLKER', output port 'out[13]' is connected directly to 'logic 0'. (LINT-52)
Warning: In design 'CONTROLKER', output port 'out[11]' is connected directly to 'logic 0'. (LINT-52)
Warning: In design 'CONTROLKER', output port 'out[10]' is connected directly to 'logic 0'. (LINT-52)
Warning: In design 'CONTROLKER', output port 'out[9]' is connected directly to 'logic 0'. (LINT-52)
Warning: In design 'CONTROLKER', output port 'out[8]' is connected directly to 'logic 0'. (LINT-52)
Warning: In design 'CONTROLKER', output port 'out[7]' is connected directly to 'logic 0'. (LINT-52)
Warning: In design 'CONTROLKER', output port 'out[5]' is connected directly to 'logic 0'. (LINT-52)
Warning: In design 'CONTROLKER', output port 'out[3]' is connected directly to 'logic 0'. (LINT-52)
Warning: In design 'CONTROLKER', output port 'out[1]' is connected directly to 'logic 0'. (LINT-52)
Warning: In design 'CONTROLKER', output port 'out[0]' is connected directly to 'logic 0'. (LINT-52)
1
