 
****************************************
Report : timing
        -path full
        -delay min
        -max_paths 1
Design : Diffe_TOP
Version: K-2015.06
Date   : Sat Oct 12 00:05:10 2024
****************************************

 # A fanout number of 1000 was used for high fanout net computations.

Operating Conditions: scmetro_tsmc_cl013g_rvt_ff_1p32v_m40c   Library: scmetro_tsmc_cl013g_rvt_ff_1p32v_m40c
Wire Load Model Mode: top

  Startpoint: U1_exponentiation/done_reg
              (rising edge-triggered flip-flop clocked by CLK)
  Endpoint: U0_ENCRYPTION_R2/done_enc2_reg
            (rising edge-triggered flip-flop clocked by CLK)
  Path Group: CLK
  Path Type: min

  Des/Clust/Port     Wire Load Model       Library
  ------------------------------------------------
  Diffe_TOP          tsmc13_wl30           scmetro_tsmc_cl013g_rvt_ss_1p08v_125c

  Point                                                   Incr       Path
  --------------------------------------------------------------------------
  clock CLK (rise edge)                                   0.00       0.00
  clock network delay (ideal)                             0.00       0.00
  U1_exponentiation/done_reg/CK (DFFRQX2M)                0.00 #     0.00 r
  U1_exponentiation/done_reg/Q (DFFRQX2M)                 0.75       0.75 f
  U1_exponentiation/done (exponentiation_1)               0.00       0.75 f
  U0_ENCRYPTION_R2/done_c_i (ENCRYPTION_R2)               0.00       0.75 f
  U0_ENCRYPTION_R2/done_enc2_reg/D (DFFRQX2M)             0.00       0.75 f
  data arrival time                                                  0.75

  clock CLK (rise edge)                                   0.00       0.00
  clock network delay (ideal)                             0.00       0.00
  clock uncertainty                                       0.10       0.10
  U0_ENCRYPTION_R2/done_enc2_reg/CK (DFFRQX2M)            0.00       0.10 r
  library hold time                                      -0.09       0.01
  data required time                                                 0.01
  --------------------------------------------------------------------------
  data required time                                                 0.01
  data arrival time                                                 -0.75
  --------------------------------------------------------------------------
  slack (MET)                                                        0.74


1
